"DB Connection: mysql" // tests\Feature\PaymentCallbackTest.php:18
"DB Database: topup_recode" // tests\Feature\PaymentCallbackTest.php:19

   FAIL  Tests\Feature\PaymentCallbackTest
  Γ¿» prepaid callback success    0.63s  
  ΓöÇΓöÇΓöÇΓöÇΓöÇΓöÇΓöÇΓöÇΓöÇΓöÇΓöÇΓöÇΓöÇΓöÇΓöÇΓöÇΓöÇΓöÇΓöÇΓöÇΓöÇΓöÇΓöÇΓöÇΓöÇΓöÇΓöÇΓöÇΓöÇΓöÇΓöÇΓöÇΓöÇΓöÇΓöÇ  
   FAILED  Tests\Feature\PaymentCalΓÇª   
  Expected response status code [200] but received 500.
Failed asserting that 500 is identical to 200.

  at tests\Feature\PaymentCallbackTest.php:46
     42Γûò             'reference' => 'DS26199250A5R8LS2VS3PLAZ',
     43Γûò         ]);
     44Γûò 
     45Γûò         // 4. Assertions
  Γ₧£  46Γûò         $response->assertStatus(200)
     47Γûò             ->assertJson(['success' => true]);
     48Γûò 
     49Γûò         $this->assertDatabaseHas('prepaid_transactions', [
     50Γûò             'trxid' => $trxid,


  Tests:    1 failed (1 assertions)
  Duration: 0.85s

